// Jest Snapshot v1, https://goo.gl/fbAQLP

exports[`Banner should render properly 1`] = `
<div
  className="Banner"
>
  <Tickers
    quoteData={Object {}}
  />
</div>
`;
