// Jest Snapshot v1, https://goo.gl/fbAQLP

exports[`View should render properly 1`] = `
<div
  className="View"
>
  <Banner
    apiKey="mockAPIKey"
    tickers={
      Array [
        "AMD",
        "INTC",
        "TSM",
        "AAPL",
      ]
    }
  />
</div>
`;
